// Jest Snapshot v1, https://goo.gl/fbAQLP

exports[`Header component renders header correctly 1`] = `ShallowWrapper {}`;
