// Jest Snapshot v1, https://goo.gl/fbAQLP

exports[`Login component renders login form correctly 1`] = `ShallowWrapper {}`;
